 "2002/12/31 23:01:00.000"
   -99999.8984   -99999.8984   -99999.8984   -99999.8984   -99999.8984   -99999.8984   -99999.8984        0.0000        0.0000        0.0000        0.0000        0.0000   -99999.8984
   -99999.8984        0.0000        0.0000   -99999.8984        0.0000        0.0000        0.0000        0.0000        0.0000        0.0000        0.0000        0.0000   -99999.8984
   -99999.8984        0.0000        0.0000        0.0000        0.0000        0.0000   -99999.8984   -99999.8984   -99999.8984   -99999.8984   -99999.8984   -99999.8984   -99999.8984
        0.0000        0.0000        0.0000        0.0000   -99999.8984   -99999.8984   -99999.8984   -99999.8984   -99999.8984   -99999.8984   -99999.8984   -99999.8984   -99999.8984
